=== MODEL STATUS REPORT ========= After a batch build
<root>  [java source file] 
  C.java  [java source file] TEST_SANDBOX\C.java:1:
    import declarations  [import reference] 
    C  [class] TEST_SANDBOX\C.java:3:
      method1()  [method] TEST_SANDBOX\C.java:5:
        field-get(java.io.PrintStream java.lang.System.out)  [code] TEST_SANDBOX\C.java:6:
  AspectInDefaultPackage.class (binary)  [class] TEST_SANDBOX\simple.jar!AspectInDefaultPackage.class:1:
    import declarations  [import reference] 
    AspectInDefaultPackage  [aspect] TEST_SANDBOX\simple.jar!AspectInDefaultPackage.class:1:
      declare warning: "There should be n.."  [declare warning] TEST_SANDBOX\simple.jar!AspectInDefaultPackage.class:4:
=== END OF MODEL REPORT =========
=== RELATIONSHIPS REPORT ========= After a batch build
(targets=1) {C.java[C~method1?field-get(java.io.PrintStream java.lang.System.out) (matches declare) [AspectInDefaultPackage.class (binary)}AspectInDefaultPackage`declare warning
(targets=1) [AspectInDefaultPackage.class (binary)}AspectInDefaultPackage`declare warning (matched by) {C.java[C~method1?field-get(java.io.PrintStream java.lang.System.out)
=== END OF RELATIONSHIPS REPORT ==
=== Properties of the model and relationships map =====
method=1
import reference=2
aspect=1
code=1
declare warning=1
class=2
RelationshipMapSize=2
FileMapSize=1
java source file=2
