=== MODEL STATUS REPORT ========= After a batch build
<root>  [java source file] 
  test  [package] 
    Simple.java  [java source file] TEST_SANDBOX\Simple.java:1:
      import declarations  [import reference] 
      Simple  [class] TEST_SANDBOX\Simple.java:3:
        Simple()  [constructor] TEST_SANDBOX\Simple.java:5:
  pkg  [package] 
    AbstractBeanConfigurerAspect.class (binary)  [class] TEST_SANDBOX\aspects.jar!pkg\AbstractBeanConfigurerAspect.class:1:
      import declarations  [import reference] 
      AbstractBeanConfigurerAspect  [aspect] TEST_SANDBOX\aspects.jar!pkg\AbstractBeanConfigurerAspect.class:1:
        beanCreation()  [pointcut] TEST_SANDBOX\aspects.jar!pkg\AbstractBeanConfigurerAspect.class:1:
        declare warning: "warning"  [declare warning] TEST_SANDBOX\aspects.jar!pkg\AbstractBeanConfigurerAspect.class:7:
=== END OF MODEL REPORT =========
=== RELATIONSHIPS REPORT ========= After a batch build
(targets=1) <pkg[AbstractBeanConfigurerAspect.class (binary)}AbstractBeanConfigurerAspect`declare warning (matched by) <test{Simple.java[Simple~Simple
(targets=1) <test{Simple.java[Simple~Simple (matches declare) <pkg[AbstractBeanConfigurerAspect.class (binary)}AbstractBeanConfigurerAspect`declare warning
=== END OF RELATIONSHIPS REPORT ==
=== Properties of the model and relationships map =====
import reference=2
aspect=1
declare warning=1
constructor=1
class=2
pointcut=1
RelationshipMapSize=2
FileMapSize=1
package=2
java source file=2
