Join point 'method-execution(void Simple.m1())' in Type 'Simple' (no debug info available) advised by before advice from 'AspectAdvice' (AspectAdvice_nodebug.jar!AspectAdvice.class:8(from AspectAdvice.aj))
Join point 'method-execution(void Simple.m1())' in Type 'Simple' (no debug info available) advised by after advice from 'AspectAdvice' (AspectAdvice_nodebug.jar!AspectAdvice.class:12(from AspectAdvice.aj))
Join point 'method-execution(void Simple.m1())' in Type 'Simple' (no debug info available) advised by afterReturning advice from 'AspectAdvice' (AspectAdvice_nodebug.jar!AspectAdvice.class:16(from AspectAdvice.aj))
Join point 'method-execution(void Simple.m1())' in Type 'Simple' (no debug info available) advised by afterThrowing advice from 'AspectAdvice' (AspectAdvice_nodebug.jar!AspectAdvice.class:20(from AspectAdvice.aj))
Join point 'method-execution(java.lang.String Simple.m2())' in Type 'Simple' (no debug info available) advised by before advice from 'AspectAdvice' (AspectAdvice_nodebug.jar!AspectAdvice.class:8(from AspectAdvice.aj))
Join point 'method-execution(java.lang.String Simple.m2())' in Type 'Simple' (no debug info available) advised by after advice from 'AspectAdvice' (AspectAdvice_nodebug.jar!AspectAdvice.class:12(from AspectAdvice.aj))
Join point 'method-execution(java.lang.String Simple.m2())' in Type 'Simple' (no debug info available) advised by afterReturning advice from 'AspectAdvice' (AspectAdvice_nodebug.jar!AspectAdvice.class:16(from AspectAdvice.aj))
Join point 'method-execution(java.lang.String Simple.m2())' in Type 'Simple' (no debug info available) advised by afterThrowing advice from 'AspectAdvice' (AspectAdvice_nodebug.jar!AspectAdvice.class:20(from AspectAdvice.aj))
Join point 'method-execution(void Simple.main(java.lang.String[]))' in Type 'Simple' (no debug info available) advised by around advice from 'AspectAdvice' (AspectAdvice_nodebug.jar!AspectAdvice.class:24(from AspectAdvice.aj)) [with runtime test]
Join point 'method-execution(void Simple.mSecret())' in Type 'Simple' (no debug info available) advised by before advice from 'AspectAdvice' (AspectAdvice_nodebug.jar!AspectAdvice.class:8(from AspectAdvice.aj))
Join point 'method-execution(void Simple.mSecret())' in Type 'Simple' (no debug info available) advised by after advice from 'AspectAdvice' (AspectAdvice_nodebug.jar!AspectAdvice.class:12(from AspectAdvice.aj))
Join point 'method-execution(void Simple.mSecret())' in Type 'Simple' (no debug info available) advised by afterReturning advice from 'AspectAdvice' (AspectAdvice_nodebug.jar!AspectAdvice.class:16(from AspectAdvice.aj))
Join point 'method-execution(void Simple.mSecret())' in Type 'Simple' (no debug info available) advised by afterThrowing advice from 'AspectAdvice' (AspectAdvice_nodebug.jar!AspectAdvice.class:20(from AspectAdvice.aj))
