Extending interface set for type 'Simple' (no debug info available) to include 'MarkerInterface' (AspectDeclare.aj)
