Setting superclass of type 'Simple' (Simple.java) to 'InTheWay' (AspectDeclareExtends.aj)
