Softening exceptions in type 'Simple' (no debug info available) as defined by aspect 'AspectDeclareSoft' (AspectDeclareSoft_nodebug.jar!AspectDeclareSoft.class:4(from AspectDeclareSoft.aj))
Softening exceptions in type 'Simple' (no debug info available) as defined by aspect 'AspectDeclareSoft' (AspectDeclareSoft_nodebug.jar!AspectDeclareSoft.class:6(from AspectDeclareSoft.aj))
