Extending interface set for type 'Simple' (Simple.java) to include 'MarkerInterface' (AspectDeclare.aj)
