  public void m33()    org.aspectj.weaver.MethodDeclarationLineNumber: 29:917
:
                    ALOAD_0     // LC; this   (line 30)
                    DUP
                    ASTORE_1
                    MONITORENTER
    finally -> E1
    |               GETSTATIC java.lang.System.err Ljava/io/PrintStream;   (line 31)
    |               LDC "hello"
    |               INVOKEVIRTUAL java.io.PrintStream.println (Ljava/lang/String;)V
    |               ALOAD_1   (line 30)
    |               MONITOREXIT
    finally -> E1
                    GOTO L0
    finally -> E1
    |           E1: ALOAD_1
    |               MONITOREXIT
    finally -> E1
                    ATHROW
                L0: NOP   (line 33)
                    INVOKESTATIC Three.aspectOf ()LThree;
                    INVOKEVIRTUAL Three.ajc$afterReturning$Three$3$b48e4ae1 ()V
                    RETURN
  end public void m33()
