  public void ma()    org.aspectj.weaver.MethodDeclarationLineNumber: 14:307
:
                    INVOKESTATIC Two.aspectOf ()LTwo;   (line 15)
                    INVOKEVIRTUAL Two.ajc$before$Two$1$8d8821ee ()V
                    ALOAD_0
                    DUP
                    ASTORE_1
                    MONITORENTER
    finally -> E1
    |               GETSTATIC java.lang.System.err Ljava/io/PrintStream;
    |               LDC "hello"
    |               INVOKEVIRTUAL java.io.PrintStream.println (Ljava/lang/String;)V
    |               ALOAD_1
    |               MONITOREXIT
    |               RETURN   (line 16)
    finally -> E1
    finally -> E1
    |           E1: ALOAD_1
    |               MONITOREXIT
    finally -> E1
                    ATHROW
  end public void ma()
